≡ƒº¬ ≡ƒº¬ Starting Phase A5: Token Refresh Mechanism Tests...
≡ƒº¬ 
≡ƒôì Step 1: User Registration
Γ¥î Step 1: User registration successful Γ¥î
   Registration failed
